[INFO] Scanning for projects...
[INFO] 
[INFO] -----------------------< com.clinica:lima-salud >-----------------------
[INFO] Building lima-salud 0.0.1-SNAPSHOT
[INFO]   from pom.xml
[INFO] --------------------------------[ jar ]---------------------------------
[INFO] 
[INFO] >>> spring-boot:3.3.5:run (default-cli) > test-compile @ lima-salud >>>
[INFO] 
[INFO] --- resources:3.3.1:resources (default-resources) @ lima-salud ---
[INFO] Copying 1 resource from src\main\resources to target\classes
[INFO] Copying 23 resources from src\main\resources to target\classes
[INFO] 
[INFO] --- compiler:3.13.0:compile (default-compile) @ lima-salud ---
[INFO] Nothing to compile - all classes are up to date.
[INFO] 
[INFO] --- resources:3.3.1:testResources (default-testResources) @ lima-salud ---
[INFO] skip non existing resourceDirectory C:\Users\user-hp\Downloads\AVANCE-DE-PROYECTO-1-MDW--main\AVANCE-DE-PROYECTO-1-MDW--main\src\test\resources
[INFO] 
[INFO] --- compiler:3.13.0:testCompile (default-testCompile) @ lima-salud ---
[INFO] No sources to compile
[INFO] 
[INFO] <<< spring-boot:3.3.5:run (default-cli) < test-compile @ lima-salud <<<
[INFO] 
[INFO] 
[INFO] --- spring-boot:3.3.5:run (default-cli) @ lima-salud ---
[INFO] Attaching agents: []

  .   ____          _            __ _ _
 /\\ / ___'_ __ _ _(_)_ __  __ _ \ \ \ \
( ( )\___ | '_ | '_| | '_ \/ _` | \ \ \ \
 \\/  ___)| |_)| | | | | || (_| |  ) ) ) )
  '  |____| .__|_| |_|_| |_\__, | / / / /
 =========|_|==============|___/=/_/_/_/

 :: Spring Boot ::                (v3.3.5)

2026-05-12T09:04:26.259-05:00  INFO 11972 --- [lima-salud] [           main] c.c.limasalud.LimaSaludApplication       : Starting LimaSaludApplication using Java 24 with PID 11972 (C:\Users\user-hp\Downloads\AVANCE-DE-PROYECTO-1-MDW--main\AVANCE-DE-PROYECTO-1-MDW--main\target\classes started by user-hp in C:\Users\user-hp\Downloads\AVANCE-DE-PROYECTO-1-MDW--main\AVANCE-DE-PROYECTO-1-MDW--main)
2026-05-12T09:04:26.264-05:00  INFO 11972 --- [lima-salud] [           main] c.c.limasalud.LimaSaludApplication       : No active profile set, falling back to 1 default profile: "default"
WARNING: A restricted method in java.lang.System has been called
WARNING: java.lang.System::load has been called by org.apache.tomcat.jni.Library in an unnamed module (file:/C:/Users/user-hp/.m2/repository/org/apache/tomcat/embed/tomcat-embed-core/10.1.31/tomcat-embed-core-10.1.31.jar)
WARNING: Use --enable-native-access=ALL-UNNAMED to avoid a warning for callers in this module
WARNING: Restricted methods will be blocked in a future release unless native access is enabled

2026-05-12T09:04:27.935-05:00  INFO 11972 --- [lima-salud] [           main] o.s.b.w.embedded.tomcat.TomcatWebServer  : Tomcat initialized with port 8080 (http)
2026-05-12T09:04:27.960-05:00  INFO 11972 --- [lima-salud] [           main] o.apache.catalina.core.StandardService   : Starting service [Tomcat]
2026-05-12T09:04:27.961-05:00  INFO 11972 --- [lima-salud] [           main] o.apache.catalina.core.StandardEngine    : Starting Servlet engine: [Apache Tomcat/10.1.31]
2026-05-12T09:04:28.075-05:00  INFO 11972 --- [lima-salud] [           main] o.a.c.c.C.[Tomcat].[localhost].[/]       : Initializing Spring embedded WebApplicationContext
2026-05-12T09:04:28.081-05:00  INFO 11972 --- [lima-salud] [           main] w.s.c.ServletWebServerApplicationContext : Root WebApplicationContext: initialization completed in 1715 ms
2026-05-12T09:04:28.717-05:00  INFO 11972 --- [lima-salud] [           main] r$InitializeUserDetailsManagerConfigurer : Global AuthenticationManager configured with UserDetailsService bean with name usuarioService
2026-05-12T09:04:28.838-05:00  INFO 11972 --- [lima-salud] [           main] o.s.b.a.w.s.WelcomePageHandlerMapping    : Adding welcome page template: index
2026-05-12T09:04:29.396-05:00  INFO 11972 --- [lima-salud] [           main] o.s.b.w.embedded.tomcat.TomcatWebServer  : Tomcat started on port 8080 (http) with context path '/'
2026-05-12T09:04:29.404-05:00  INFO 11972 --- [lima-salud] [           main] c.c.limasalud.LimaSaludApplication       : Started LimaSaludApplication in 3.88 seconds (process running for 4.345)
2026-05-12T09:04:51.401-05:00  INFO 11972 --- [lima-salud] [nio-8080-exec-2] o.a.c.c.C.[Tomcat].[localhost].[/]       : Initializing Spring DispatcherServlet 'dispatcherServlet'
2026-05-12T09:04:51.401-05:00  INFO 11972 --- [lima-salud] [nio-8080-exec-2] o.s.web.servlet.DispatcherServlet        : Initializing Servlet 'dispatcherServlet'
2026-05-12T09:04:51.403-05:00  INFO 11972 --- [lima-salud] [nio-8080-exec-2] o.s.web.servlet.DispatcherServlet        : Completed initialization in 1 ms
